2026-05-09 00:09:22,231 | INFO | No prediction files provided; writing empty prediction summary schema.
2026-05-09 00:09:22,232 | INFO | Wrote prediction summary to revision_outputs/predictions/prediction_summary.csv
2026-05-09 00:09:22,232 | INFO | Wrote metadata to revision_outputs/predictions/prediction_summary_metadata.json
2026-05-09 00:37:24,989 | INFO | Loaded 239 rows from revision_outputs/predictions/candidate_npjt_topk_opxrd/predictions_for_summary.npz
2026-05-09 00:37:24,999 | INFO | Loaded 239 rows from revision_outputs/predictions/candidate_exp_test4_opxrd/predictions_for_summary.npz
2026-05-09 00:37:25,009 | INFO | Loaded 239 rows from revision_outputs/predictions/candidate_ablation3_opxrd/predictions_for_summary.npz
2026-05-09 00:37:25,019 | INFO | Loaded 239 rows from revision_outputs/predictions/candidate_ablation4_opxrd/predictions_for_summary.npz
2026-05-09 00:37:25,079 | INFO | Wrote prediction summary to revision_outputs/predictions/prediction_summary.csv
2026-05-09 00:37:25,079 | INFO | Wrote metadata to revision_outputs/predictions/prediction_summary_metadata.json
2026-05-09 00:39:47,962 | INFO | Loaded 239 rows from revision_outputs/predictions/candidate_npjt_topk_opxrd/predictions_for_summary.npz
2026-05-09 00:39:47,972 | INFO | Loaded 239 rows from revision_outputs/predictions/candidate_exp_test4_opxrd/predictions_for_summary.npz
2026-05-09 00:39:47,982 | INFO | Loaded 239 rows from revision_outputs/predictions/candidate_ablation3_opxrd/predictions_for_summary.npz
2026-05-09 00:39:47,992 | INFO | Loaded 239 rows from revision_outputs/predictions/candidate_ablation4_opxrd/predictions_for_summary.npz
2026-05-09 00:39:48,009 | INFO | Wrote prediction summary to revision_outputs/predictions/prediction_summary.csv
2026-05-09 00:39:48,009 | INFO | Wrote metadata to revision_outputs/predictions/prediction_summary_metadata.json
2026-05-09 10:45:00,426 | INFO | Loaded 239 rows from revision_outputs/predictions/candidate_ablation1_opxrd/predictions_for_summary.npz
2026-05-09 10:45:00,437 | INFO | Loaded 239 rows from revision_outputs/predictions/candidate_ablation2_opxrd/predictions_for_summary.npz
2026-05-09 10:45:00,447 | INFO | Loaded 239 rows from revision_outputs/predictions/candidate_npjt_topk_opxrd/predictions_for_summary.npz
2026-05-09 10:45:00,457 | INFO | Loaded 239 rows from revision_outputs/predictions/candidate_exp_test4_opxrd/predictions_for_summary.npz
2026-05-09 10:45:00,468 | INFO | Loaded 239 rows from revision_outputs/predictions/candidate_ablation3_opxrd/predictions_for_summary.npz
2026-05-09 10:45:00,478 | INFO | Loaded 239 rows from revision_outputs/predictions/candidate_ablation4_opxrd/predictions_for_summary.npz
2026-05-09 10:45:00,501 | INFO | Wrote prediction summary to revision_outputs/predictions/prediction_summary.csv
2026-05-09 10:45:00,501 | INFO | Wrote metadata to revision_outputs/predictions/prediction_summary_metadata.json
2026-05-09 10:49:02,644 | INFO | Loaded 239 rows from revision_outputs/predictions/candidate_ablation1_opxrd/predictions_for_summary.npz
2026-05-09 10:49:02,654 | INFO | Loaded 239 rows from revision_outputs/predictions/candidate_ablation2_opxrd/predictions_for_summary.npz
2026-05-09 10:49:02,665 | INFO | Loaded 239 rows from revision_outputs/predictions/candidate_npjt_topk_opxrd/predictions_for_summary.npz
2026-05-09 10:49:02,676 | INFO | Loaded 239 rows from revision_outputs/predictions/candidate_exp_test4_opxrd/predictions_for_summary.npz
2026-05-09 10:49:02,686 | INFO | Loaded 239 rows from revision_outputs/predictions/candidate_ablation3_opxrd/predictions_for_summary.npz
2026-05-09 10:49:02,697 | INFO | Loaded 239 rows from revision_outputs/predictions/candidate_ablation4_opxrd/predictions_for_summary.npz
2026-05-09 10:49:02,720 | INFO | Wrote prediction summary to revision_outputs/predictions/prediction_summary.csv
2026-05-09 10:49:02,720 | INFO | Wrote metadata to revision_outputs/predictions/prediction_summary_metadata.json
2026-05-09 10:58:28,282 | INFO | Loaded 244 rows from revision_outputs/predictions/legacy_ablation_test/candidate_ablation1_opxrd/predictions_for_summary.npz
2026-05-09 10:58:28,293 | INFO | Loaded 244 rows from revision_outputs/predictions/legacy_ablation_test/candidate_ablation2_opxrd/predictions_for_summary.npz
2026-05-09 10:58:28,304 | INFO | Loaded 244 rows from revision_outputs/predictions/legacy_ablation_test/candidate_ablation3_opxrd/predictions_for_summary.npz
2026-05-09 10:58:28,315 | INFO | Loaded 244 rows from revision_outputs/predictions/legacy_ablation_test/candidate_ablation4_opxrd/predictions_for_summary.npz
2026-05-09 10:58:28,326 | INFO | Loaded 244 rows from revision_outputs/predictions/legacy_ablation_test/candidate_npjt_topk_opxrd/predictions_for_summary.npz
2026-05-09 10:58:28,337 | INFO | Loaded 244 rows from revision_outputs/predictions/legacy_ablation_test/candidate_exp_test4_opxrd/predictions_for_summary.npz
2026-05-09 10:58:28,360 | INFO | Wrote prediction summary to revision_outputs/predictions/prediction_summary_legacy_ablation_raw_test.csv
2026-05-09 10:58:28,360 | INFO | Wrote metadata to revision_outputs/predictions/prediction_summary_legacy_ablation_raw_test_metadata.json
2026-05-09 11:26:35,754 | INFO | Loaded 245 rows from revision_outputs/predictions/legacy_ablation_augmented_test/candidate_ablation1_opxrd/predictions_for_summary.npz
2026-05-09 11:26:35,765 | INFO | Loaded 245 rows from revision_outputs/predictions/legacy_ablation_augmented_test/candidate_ablation2_opxrd/predictions_for_summary.npz
2026-05-09 11:26:35,776 | INFO | Loaded 245 rows from revision_outputs/predictions/legacy_ablation_augmented_test/candidate_ablation3_opxrd/predictions_for_summary.npz
2026-05-09 11:26:35,786 | INFO | Loaded 245 rows from revision_outputs/predictions/legacy_ablation_augmented_test/candidate_ablation4_opxrd/predictions_for_summary.npz
2026-05-09 11:26:35,804 | INFO | Wrote prediction summary to revision_outputs/predictions/prediction_summary_legacy_ablation_augmented_test.csv
2026-05-09 11:26:35,804 | INFO | Wrote metadata to revision_outputs/predictions/prediction_summary_legacy_ablation_augmented_test_metadata.json
2026-05-09 11:58:09,324 | INFO | Loaded 239 rows from revision_outputs/predictions/corrected_ablation_mapping/ablation1_cnn_only_opxrd/predictions_for_summary.npz
2026-05-09 11:58:09,334 | INFO | Loaded 245 rows from revision_outputs/predictions/corrected_ablation_mapping/ablation2_cnn_augmentation_opxrd/predictions_for_summary.npz
2026-05-09 11:58:09,344 | INFO | Loaded 245 rows from revision_outputs/predictions/corrected_ablation_mapping/ablation3_cnn_aug_peaks_concat_opxrd/predictions_for_summary.npz
2026-05-09 11:58:09,355 | INFO | Loaded 245 rows from revision_outputs/predictions/corrected_ablation_mapping/ablation4_cnn_aug_peaks_gate_opxrd/predictions_for_summary.npz
2026-05-09 11:58:09,372 | INFO | Wrote prediction summary to revision_outputs/predictions/prediction_summary_corrected_ablation_mapping.csv
2026-05-09 11:58:09,372 | INFO | Wrote metadata to revision_outputs/predictions/prediction_summary_corrected_ablation_mapping_metadata.json
