Training command: scripts/revision/train_missing_ablation.py --device cuda:0 --epochs 300 --batch-size 64 --learning-rate 5e-4 --patience 25 --seed 42 --num-workers 0 --output-dir revision_outputs/missing_ablation_training
{
  "model_name": "cnn_aug_fls_no_peak",
  "num_classes": 230,
  "random_seed": 42,
  "batch_size": 64,
  "learning_rate": 0.0005,
  "num_epochs": 300,
  "early_stopping": true,
  "early_stopping_patience": 25,
  "best_checkpoint_metric": "validation_weighted_f1",
  "best_checkpoint_split": "validation",
  "device": "cuda:0",
  "output_dir": "revision_outputs/missing_ablation_training/cnn_aug_fls_no_peak",
  "use_xrd_branch": true,
  "use_peak_branch": false,
  "fusion_mode": "xrd_only",
  "use_augmentation": true,
  "use_fls": true,
  "focal_loss_gamma": 1.5,
  "label_smoothing": 0.1,
  "dataset_npz": "revision_outputs/configs/opxrd_legacy_augmented_seed42.npz",
  "split_file": "revision_outputs/missing_ablation_training/configs/splits/legacy_augmented_train_val_test_seed42.json",
  "train_split": "legacy_augmented_train",
  "val_split": "legacy_augmented_validation",
  "test_split": "legacy_augmented_test_245",
  "evaluation_split": "legacy augmented 245 split"
}
epoch=1 train_loss=3.9185 train_acc=0.2653 val_loss=3.8918 val_acc=0.3259 val_wf1=0.2143 val_mf1=0.0143
epoch=2 train_loss=2.9058 train_acc=0.3806 val_loss=3.2105 val_acc=0.3348 val_wf1=0.2402 val_mf1=0.0139
epoch=3 train_loss=2.5774 train_acc=0.4324 val_loss=3.1040 val_acc=0.3705 val_wf1=0.2975 val_mf1=0.0344
epoch=4 train_loss=2.3596 train_acc=0.4602 val_loss=2.8942 val_acc=0.4330 val_wf1=0.3673 val_mf1=0.0624
epoch=5 train_loss=2.1950 train_acc=0.5133 val_loss=2.7363 val_acc=0.4554 val_wf1=0.3803 val_mf1=0.0688
epoch=6 train_loss=2.0187 train_acc=0.5345 val_loss=2.6278 val_acc=0.4598 val_wf1=0.3949 val_mf1=0.0750
epoch=7 train_loss=1.9216 train_acc=0.5424 val_loss=2.5461 val_acc=0.4598 val_wf1=0.3891 val_mf1=0.0764
epoch=8 train_loss=1.7352 train_acc=0.5968 val_loss=2.4392 val_acc=0.4821 val_wf1=0.4204 val_mf1=0.0959
epoch=9 train_loss=1.6375 train_acc=0.6061 val_loss=2.3858 val_acc=0.4955 val_wf1=0.4417 val_mf1=0.1479
epoch=10 train_loss=1.5171 train_acc=0.6141 val_loss=2.3705 val_acc=0.4955 val_wf1=0.4350 val_mf1=0.1334
epoch=11 train_loss=1.3989 train_acc=0.6592 val_loss=2.2456 val_acc=0.5134 val_wf1=0.4540 val_mf1=0.1787
epoch=12 train_loss=1.2312 train_acc=0.6963 val_loss=2.2340 val_acc=0.5357 val_wf1=0.4773 val_mf1=0.1937
epoch=13 train_loss=1.1469 train_acc=0.7069 val_loss=2.1323 val_acc=0.5491 val_wf1=0.4958 val_mf1=0.2340
epoch=14 train_loss=1.0259 train_acc=0.7374 val_loss=2.0329 val_acc=0.5536 val_wf1=0.5055 val_mf1=0.2688
epoch=15 train_loss=0.8556 train_acc=0.7798 val_loss=2.0235 val_acc=0.5893 val_wf1=0.5625 val_mf1=0.3654
epoch=16 train_loss=0.7742 train_acc=0.7918 val_loss=1.9611 val_acc=0.6116 val_wf1=0.5676 val_mf1=0.4285
epoch=17 train_loss=0.6429 train_acc=0.8183 val_loss=1.9959 val_acc=0.6116 val_wf1=0.5849 val_mf1=0.4278
epoch=18 train_loss=0.5747 train_acc=0.8408 val_loss=1.8889 val_acc=0.6339 val_wf1=0.6095 val_mf1=0.4720
epoch=19 train_loss=0.5589 train_acc=0.8501 val_loss=2.0533 val_acc=0.6205 val_wf1=0.5902 val_mf1=0.4707
epoch=20 train_loss=0.5161 train_acc=0.8594 val_loss=1.9158 val_acc=0.6652 val_wf1=0.6329 val_mf1=0.5040
epoch=21 train_loss=0.4342 train_acc=0.8780 val_loss=1.9613 val_acc=0.6384 val_wf1=0.6049 val_mf1=0.4778
epoch=22 train_loss=0.3346 train_acc=0.8926 val_loss=1.9722 val_acc=0.6562 val_wf1=0.6342 val_mf1=0.5368
epoch=23 train_loss=0.3966 train_acc=0.8846 val_loss=1.9821 val_acc=0.6518 val_wf1=0.6243 val_mf1=0.5027
epoch=24 train_loss=0.2954 train_acc=0.9178 val_loss=2.1038 val_acc=0.6607 val_wf1=0.6383 val_mf1=0.5449
epoch=25 train_loss=0.2641 train_acc=0.9284 val_loss=2.0293 val_acc=0.6562 val_wf1=0.6321 val_mf1=0.5330
epoch=26 train_loss=0.2399 train_acc=0.9324 val_loss=2.2088 val_acc=0.6696 val_wf1=0.6470 val_mf1=0.5538
epoch=27 train_loss=0.2261 train_acc=0.9337 val_loss=2.0417 val_acc=0.6562 val_wf1=0.6335 val_mf1=0.5369
epoch=28 train_loss=0.1749 train_acc=0.9469 val_loss=2.0297 val_acc=0.6473 val_wf1=0.6195 val_mf1=0.5259
epoch=29 train_loss=0.2200 train_acc=0.9377 val_loss=2.2128 val_acc=0.6607 val_wf1=0.6366 val_mf1=0.5470
epoch=30 train_loss=0.1735 train_acc=0.9509 val_loss=2.1534 val_acc=0.6607 val_wf1=0.6323 val_mf1=0.5316
epoch=31 train_loss=0.1644 train_acc=0.9469 val_loss=2.2931 val_acc=0.6696 val_wf1=0.6463 val_mf1=0.5538
epoch=32 train_loss=0.1388 train_acc=0.9589 val_loss=2.2871 val_acc=0.6652 val_wf1=0.6433 val_mf1=0.5507
epoch=33 train_loss=0.1299 train_acc=0.9469 val_loss=2.2485 val_acc=0.6696 val_wf1=0.6485 val_mf1=0.5681
epoch=34 train_loss=0.1452 train_acc=0.9562 val_loss=2.2837 val_acc=0.6830 val_wf1=0.6523 val_mf1=0.5809
epoch=35 train_loss=0.1021 train_acc=0.9748 val_loss=2.2308 val_acc=0.6830 val_wf1=0.6643 val_mf1=0.5882
epoch=36 train_loss=0.1457 train_acc=0.9576 val_loss=2.1588 val_acc=0.6696 val_wf1=0.6500 val_mf1=0.5840
epoch=37 train_loss=0.1545 train_acc=0.9602 val_loss=2.2969 val_acc=0.6830 val_wf1=0.6611 val_mf1=0.5770
epoch=38 train_loss=0.1471 train_acc=0.9629 val_loss=2.1838 val_acc=0.6607 val_wf1=0.6385 val_mf1=0.5349
epoch=39 train_loss=0.1411 train_acc=0.9615 val_loss=2.4891 val_acc=0.6875 val_wf1=0.6674 val_mf1=0.5902
epoch=40 train_loss=0.1494 train_acc=0.9496 val_loss=2.1628 val_acc=0.6786 val_wf1=0.6597 val_mf1=0.5839
epoch=41 train_loss=0.1282 train_acc=0.9655 val_loss=2.1140 val_acc=0.6696 val_wf1=0.6459 val_mf1=0.5651
epoch=42 train_loss=0.0918 train_acc=0.9708 val_loss=2.1834 val_acc=0.6696 val_wf1=0.6535 val_mf1=0.5737
epoch=43 train_loss=0.0639 train_acc=0.9814 val_loss=2.3044 val_acc=0.6518 val_wf1=0.6237 val_mf1=0.5273
epoch=44 train_loss=0.0827 train_acc=0.9775 val_loss=2.4294 val_acc=0.6741 val_wf1=0.6517 val_mf1=0.5718
epoch=45 train_loss=0.1086 train_acc=0.9721 val_loss=2.2622 val_acc=0.6696 val_wf1=0.6455 val_mf1=0.5571
epoch=46 train_loss=0.0739 train_acc=0.9735 val_loss=2.2825 val_acc=0.6741 val_wf1=0.6542 val_mf1=0.5683
epoch=47 train_loss=0.0789 train_acc=0.9775 val_loss=2.4530 val_acc=0.6696 val_wf1=0.6416 val_mf1=0.5641
epoch=48 train_loss=0.0858 train_acc=0.9748 val_loss=2.2960 val_acc=0.6607 val_wf1=0.6386 val_mf1=0.5819
epoch=49 train_loss=0.0914 train_acc=0.9721 val_loss=2.2179 val_acc=0.6696 val_wf1=0.6437 val_mf1=0.5791
epoch=50 train_loss=0.0673 train_acc=0.9735 val_loss=2.2793 val_acc=0.6696 val_wf1=0.6498 val_mf1=0.6025
epoch=51 train_loss=0.1073 train_acc=0.9682 val_loss=2.3692 val_acc=0.6607 val_wf1=0.6404 val_mf1=0.5715
epoch=52 train_loss=0.0740 train_acc=0.9801 val_loss=2.4039 val_acc=0.6652 val_wf1=0.6461 val_mf1=0.5683
epoch=53 train_loss=0.0618 train_acc=0.9801 val_loss=2.3061 val_acc=0.6696 val_wf1=0.6471 val_mf1=0.5718
epoch=54 train_loss=0.0638 train_acc=0.9788 val_loss=2.4479 val_acc=0.6741 val_wf1=0.6513 val_mf1=0.5681
epoch=55 train_loss=0.0869 train_acc=0.9775 val_loss=2.2652 val_acc=0.6607 val_wf1=0.6394 val_mf1=0.5768
epoch=56 train_loss=0.0805 train_acc=0.9814 val_loss=2.3677 val_acc=0.6786 val_wf1=0.6498 val_mf1=0.5791
epoch=57 train_loss=0.0729 train_acc=0.9775 val_loss=2.2877 val_acc=0.6786 val_wf1=0.6545 val_mf1=0.5818
epoch=58 train_loss=0.0742 train_acc=0.9788 val_loss=2.3632 val_acc=0.6652 val_wf1=0.6414 val_mf1=0.5813
epoch=59 train_loss=0.0818 train_acc=0.9748 val_loss=2.4010 val_acc=0.6786 val_wf1=0.6499 val_mf1=0.5639
epoch=60 train_loss=0.0711 train_acc=0.9735 val_loss=2.1860 val_acc=0.6830 val_wf1=0.6591 val_mf1=0.5830
epoch=61 train_loss=0.0524 train_acc=0.9854 val_loss=2.4956 val_acc=0.6786 val_wf1=0.6546 val_mf1=0.5752
epoch=62 train_loss=0.0666 train_acc=0.9801 val_loss=2.5265 val_acc=0.6652 val_wf1=0.6396 val_mf1=0.5750
epoch=63 train_loss=0.0592 train_acc=0.9828 val_loss=2.3816 val_acc=0.6696 val_wf1=0.6520 val_mf1=0.5673
epoch=64 train_loss=0.0414 train_acc=0.9894 val_loss=2.4265 val_acc=0.6786 val_wf1=0.6624 val_mf1=0.5840
Early stopping at epoch 64; best_epoch=39; best_validation_weighted_f1=0.6674087271855128
